Library List, V40
FW;C:\ProgramData\PHOENIX CONTACT Software\MULTIPROG Express\5_50_10228\plc\FW_LIB\ecatfwl;ecatfwl;3
FW;C:\ProgramData\PHOENIX CONTACT Software\MULTIPROG Express\5_50_10228\plc\FW_LIB\GetTickTime;GetTickTime;3
FW;C:\ProgramData\PHOENIX CONTACT Software\MULTIPROG Express\5_50_10228\plc\FW_LIB\pointer;pointer;3
FW;C:\ProgramData\PHOENIX CONTACT Software\MULTIPROG Express\5_50_10228\plc\FW_LIB\PROCONOS;PROCONOS;3
USER;C:\Users\Public\Documents\MULTIPROG ACONTIS EtherCAT\Libraries\ER_CNT2PLC_Status;LIST;0
USER;C:\Users\Public\Documents\MULTIPROG ACONTIS EtherCAT\Libraries\ER_DataTypes;LIST;0
USER;C:\Users\Public\Documents\MULTIPROG ACONTIS EtherCAT\Libraries\ER_MC_Control;LIST;0
USER;C:\Users\Public\Documents\MULTIPROG ACONTIS EtherCAT\Libraries\ER_MC_GroupControl;LIST;0
USER;C:\Users\Public\Documents\MULTIPROG ACONTIS EtherCAT\Libraries\ER_IO_LIB;LIST;0
USER;C:\Users\Public\Documents\MULTIPROG ACONTIS EtherCAT\Libraries\ER_PLC_Share_VAR;LIST;0
USER;C:\Users\Public\Documents\MULTIPROG ACONTIS EtherCAT\Libraries\ER_PLC2CNT_Command;LIST;0
USER;C:\Users\Public\Documents\MULTIPROG ACONTIS EtherCAT\Libraries\ER_System_Control;LIST;0
USER;C:\Users\Public\Documents\MULTIPROG ACONTIS EtherCAT\Libraries\ER_PDO_EXTEND;LIST;0
USER;C:\Users\Public\Documents\MULTIPROG ACONTIS EtherCAT\Libraries\ER_EtherNetIP;LIST;0
USER;C:\Users\Public\Documents\MULTIPROG ACONTIS EtherCAT\Libraries\ER_Calculation;LIST;0
USER;C:\Users\Public\Documents\MULTIPROG ACONTIS EtherCAT\Libraries\ER_ModbusTcp;LIST;0
FW;C:\ProgramData\PHOENIX CONTACT Software\MULTIPROG Express\5_50_10228\plc\FW_LIB\TCP_IP_Lib;TCP_IP_lib;3
FW;C:\ProgramData\PHOENIX CONTACT Software\MULTIPROG Express\5_50_10228\plc\FW_LIB\ModbusTCP_Lib;ModbusTCP_Lib;3
FW;C:\Program Files (x86)\PHOENIX CONTACT Software\MULTIPROG ACONTIS EtherCAT 5.50 Express Build 10228\PLC\eCLR;eCLR;0
FW;C:\Program Files (x86)\PHOENIX CONTACT Software\MULTIPROG ACONTIS EtherCAT 5.50 Express Build 10228\PLC;IEC;3
